=== Build environment ready ===
C:\Program Files\Microsoft Visual Studio\2022\Community\VC\Tools\MSVC\14.43.34808\bin\Hostx64\x64\cl.exe
C:\Program Files (x86)\Intel\oneAPI\compiler\latest\bin\ifx.exe
C:\Program Files\CMake\bin\cmake.exe
C:\Program Files\Microsoft Visual Studio\2022\Community\Common7\IDE\CommonExtensions\Microsoft\CMake\CMake\bin\cmake.exe
C:\Program Files\Microsoft Visual Studio\2022\Community\Common7\IDE\CommonExtensions\Microsoft\CMake\Ninja\ninja.exe
C:\Program Files\NVIDIA GPU Computing Toolkit\CUDA\v12.4\bin\nvcc.exe
C:\Program Files\NVIDIA GPU Computing Toolkit\CUDA\v12.8\bin\nvcc.exe
MKLROOT= (intentionally empty - pixi provides MKL)
FC=ifx
Done.
[1/5] Building CXX object back\rupt\03_CetSOLV\CMakeFiles\CetSOLV.dir\CetSOLV_MEDWriter.cxx.obj
[2/5] Building CXX object back\rupt\03_CetSOLV\CMakeFiles\CetSOLV.dir\CetSOLV_Export.cxx.obj
C:\workspace\front\02_COMMON\11_CmnMESH\CmnMESH_DataCadFace.hxx(198): warning C4477: 'sprintf'ÿ: la chaŒne de format '%s' n‚cessite un argument de type 'char *', mais l'argument variadique 1 est de type 'int'
C:\workspace\front\02_COMMON\11_CmnMESH\CmnMESH_DataCadFace.hxx(198): warning C4313: 'sprintf' : '%s' dans la chaŒne de format est en conflit avec l'argument 1 de type 'int'.
[3/5] Building CXX object back\rupt\03_CetSOLV\CMakeFiles\CetSOLV.dir\CetSOLV_SessionAbstract.cxx.obj
C:\workspace\front\02_COMMON\11_CmnMESH\CmnMESH_DataCadFace.hxx(198): warning C4477: 'sprintf'ÿ: la chaŒne de format '%s' n‚cessite un argument de type 'char *', mais l'argument variadique 1 est de type 'int'
C:\workspace\front\02_COMMON\11_CmnMESH\CmnMESH_DataCadFace.hxx(198): warning C4313: 'sprintf' : '%s' dans la chaŒne de format est en conflit avec l'argument 1 de type 'int'.
C:\workspace\back\rupt\03_CetSOLV\CetSOLV_SessionAbstract.cxx(126): warning C4297: 'CetSOLV_SessionAbstract::~CetSOLV_SessionAbstract'ÿ: la fonction lŠve une exception alors qu'elle est pr‚sum‚e ne pas le faire
C:\workspace\back\rupt\03_CetSOLV\CetSOLV_SessionAbstract.cxx(126): note: le destructeur ou l'annulateur d'allocation comporte une sp‚cification d'exception qui ne peut pas ˆtre lev‚e (‚ventuellement implicite)
C:\workspace\back\rupt\03_CetSOLV\CetSOLV_SessionAbstract.cxx(3137): warning C4477: 'printf'ÿ: la chaŒne de format '%s' n‚cessite un argument de type 'char *', mais l'argument variadique 1 est de type 'std::string'
C:\workspace\back\rupt\03_CetSOLV\CetSOLV_SessionAbstract.cxx(3441): warning C4477: 'printf'ÿ: la chaŒne de format '%s' n‚cessite un argument de type 'char *', mais l'argument variadique 1 est de type 'std::string'
C:\workspace\back\rupt\03_CetSOLV\CetSOLV_SessionAbstract.cxx(3651): warning C4477: 'printf'ÿ: la chaŒne de format '%s' n‚cessite un argument de type 'char *', mais l'argument variadique 1 est de type 'std::string'
C:\workspace\back\rupt\03_CetSOLV\CetSOLV_SessionAbstract.cxx(3655): warning C4477: 'printf'ÿ: la chaŒne de format '%s' n‚cessite un argument de type 'char *', mais l'argument variadique 1 est de type 'std::string'
[4/5] Building CXX object back\rupt\03_CetSOLV\CMakeFiles\CetSOLV.dir\CetSOLV_MeshOutFiller.cxx.obj
C:\workspace\front\02_COMMON\11_CmnMESH\CmnMESH_DataCadFace.hxx(198): warning C4477: 'sprintf'ÿ: la chaŒne de format '%s' n‚cessite un argument de type 'char *', mais l'argument variadique 1 est de type 'int'
C:\workspace\front\02_COMMON\11_CmnMESH\CmnMESH_DataCadFace.hxx(198): warning C4313: 'sprintf' : '%s' dans la chaŒne de format est en conflit avec l'argument 1 de type 'int'.
C:\workspace\back\rupt\03_CetSOLV\CetSOLV_MeshOutFiller.cxx(2208): warning C4566: le caractŠre repr‚sent‚ par le nom de caractŠre universel '\u2211' ne peut pas ˆtre repr‚sent‚ dans la page de codes actuelle (1252)
C:\workspace\back\rupt\03_CetSOLV\CetSOLV_MeshOutFiller.cxx(2212): warning C4566: le caractŠre repr‚sent‚ par le nom de caractŠre universel '\u03A3' ne peut pas ˆtre repr‚sent‚ dans la page de codes actuelle (1252)
C:\workspace\back\rupt\03_CetSOLV\CetSOLV_MeshOutFiller.cxx(2223): warning C4566: le caractŠre repr‚sent‚ par le nom de caractŠre universel '\u2211' ne peut pas ˆtre repr‚sent‚ dans la page de codes actuelle (1252)
C:\workspace\back\rupt\03_CetSOLV\CetSOLV_MeshOutFiller.cxx(2237): warning C4566: le caractŠre repr‚sent‚ par le nom de caractŠre universel '\u2211' ne peut pas ˆtre repr‚sent‚ dans la page de codes actuelle (1252)
[5/5] Linking CXX shared module back\rupt\03_CetSOLV\CetSOLV.pyd
