[21:25:27] >>> click Moulin_Blanc
[21:25:31] >>> find item via scope
[21:25:31]     {'ok': True, 'found': 152, 'name': 'Test_Lshape_NORMAL.ds'}
[con] log: LoadTime = 0ms
[con] log: Babylon.js engine (v3.3.0) launched
[con] log: dsRupt
[con] log: InitTime = 79ms
[con] log: Scene
[con] log: ArcRotateCamera
[con] log: 905
[con] log: this is x  Vector
[con] log: navBarCtrl
[con] timeEnd: dispose: 0.014892578125 ms
[con] log: 33 0 Shape
[con] log: 2397 7 Boundary
[con] log: {IntArray: 96, DblArray: 636, String: 1159, Int: 578}
[con] log: JSONMODEL LOAD [Object, Object, Object]
[con] log: PARSEDTREE LOAD ARRAY_OF_BRANCHES
[con] log: JSONMODEL NOTE []
[con] log: PARSEDTREE NOTE ARRAY_OF_BRANCHES
[con] log: getstream
[con] log: [dsRupt.tabPersist] run.js post-load -> $state.go(results)
[con] log: 
==================================================

[con] log: 
Calling map generation function

[con] log: 
==================================================

[con] log: Processing texture atlas 0

[con] log: 
==================================================

[con] log: 
Map generation finished in 1.5 ms

[con] log: 
==================================================

[21:25:46]     BABYLON state: {'babylon': True, 'rmClass': 'SkinMesh'}
