[19:29:27] >>> STEP 1 : Input data label visible + chevron in collapsed state
[19:29:27]     {'expanderText': '▶', 'labelText': 'Input data', 'subFieldsExist': True, 'subFieldsVisible': False}
[19:29:27]     ASSERT chevron='▶': PASS
[19:29:27]     ASSERT label='Input data': PASS
[19:29:27]     ASSERT collapsed by default: PASS
[19:29:27] >>> STEP 2 : Click chevron to expand
[19:29:28]     {'expanderText': '▼', 'subFieldsVisible': True, 'subFieldNames': ['fc vol', 'ft vol', 'fy rebar']}
[19:29:28]     ASSERT chevron='▼' after expand: PASS
[19:29:28]     ASSERT sub-fields visible: PASS
[19:29:28]     ASSERT 3 sub-fields ['fc vol', 'ft vol', 'fy rebar']: PASS
[19:29:29] >>> STEP 3 : Click fc vol → activated
[19:29:29]     activeInputSubFields after click fc vol: {'fc_vol': True, 'ft_vol': False}
[19:29:29]     ASSERT fc_vol=True, ft_vol not active: PASS
[19:29:29] >>> STEP 4 : Click ft vol → exclusivity (fc vol auto-deactivated)
[19:29:30]     activeInputSubFields after click ft vol: {'fc_vol': False, 'ft_vol': True}
[19:29:30]     ASSERT exclusivity (fc_vol=False, ft_vol=True): PASS
[19:29:30] >>> STEP 5 : Click fy rebar → active EN PARALLELE de ft vol
[19:29:30]     activeInputSubFields after click fy rebar: {'fc_vol': False, 'ft_vol': True, 'fy_rebar': True}
[19:29:30]     ASSERT ft_vol et fy_rebar ACTIFS ensemble: PASS
[19:29:30] >>> STEP 6 : Click chevron to collapse → state preserved
[19:29:31]     {'active': {'fc_vol': False, 'ft_vol': True, 'fy_rebar': True}, 'subVisible': False}
[19:29:31]     ASSERT collapsed: PASS
[19:29:31]     ASSERT state preserved (ft_vol + fy_rebar still active): PASS
[19:29:31] >>> Page errors:
