[21:36:14] [
  {
    "title": "Input data - InputData - ft",
    "mode": "SkinMesh",
    "panelCtxOptionsPath": "InputData - ft",
    "csoKeys": [
      "SkinMesh"
    ],
    "autoForMode": false,
    "sharedColorScaleOptions": true,
    "colorScaleOptionsAuto": false,
    "colorScaleOptionsObj": {
      "niso": 10,
      "max": "3.000e+0",
      "min": "3.000e+0",
      "auto": false,
      "type": "discrete"
    }
  },
  {
    "title": "Input data - fy rebar",
    "mode": "RebarStresses",
    "panelCtxOptionsPath": "Input data - fy rebar",
    "csoKeys": [
      "SkinMesh",
      "RebarStresses"
    ],
    "autoForMode": true,
    "sharedColorScaleOptions": true,
    "colorScaleOptionsAuto": true,
    "colorScaleOptionsObj": {
      "niso": 10,
      "max": "2.350e+2",
      "min": "2.350e+2",
      "auto": true,
      "type": "discrete"
    }
  }
]
