[21:34:04] loaded
[21:34:06] ft vol
[21:34:12] fy rebar
[21:34:19] panels: [
  {
    "title": "\n\n        \n        \n            >\n            \n   ",
    "maxLabel": {
      "count": 0,
      "visible": false
    },
    "minLabel": {
      "count": 0,
      "visible": false
    },
    "inputCount": 2,
    "inputValues": [
      {
        "val": "3.000e+0",
        "hidden": false
      },
      {
        "val": "3.000e+0",
        "hidden": false
      }
    ]
  },
  {
    "title": "\n\n        \n        \n            >\n            \n   ",
    "maxLabel": {
      "count": 0,
      "visible": false
    },
    "minLabel": {
      "count": 0,
      "visible": false
    },
    "inputCount": 2,
    "inputValues": [
      {
        "val": "2.350e+2",
        "hidden": true
      },
      {
        "val": "2.350e+2",
        "hidden": true
      }
    ]
  }
]
[21:34:19] rebar scope: {
  "mode": "RebarStresses",
  "hasOptions": true,
  "colorScaleOptionsKeys": [
    "SkinMesh",
    "RebarStresses"
  ],
  "colorScaleForMode": {
    "niso": 10,
    "max": "2.350e+2",
    "min": "2.350e+2",
    "auto": true,
    "type": "discrete"
  },
  "filterOptions": {
    "filter_min": "0",
    "filter_max": "1"
  },
  "auto": true
}
