Traceback (most recent call last):
  File "C:\workspace\fiabilite\_pw_test_inputdata.py", line 155, in <module>
    asyncio.run(main())
  File "C:\python3\lib\asyncio\runners.py", line 44, in run
    return loop.run_until_complete(main)
  File "C:\python3\lib\asyncio\base_events.py", line 649, in run_until_complete
    return future.result()
  File "C:\workspace\fiabilite\_pw_test_inputdata.py", line 97, in main
    info_fc = await page.evaluate("""() => {
  File "C:\python3\lib\site-packages\playwright\async_api\_generated.py", line 9131, in evaluate
    await self._impl_obj.evaluate(
  File "C:\python3\lib\site-packages\playwright\_impl\_page.py", line 469, in evaluate
    return await self._main_frame.evaluate(expression, arg)
  File "C:\python3\lib\site-packages\playwright\_impl\_frame.py", line 323, in evaluate
    await self._channel.send(
  File "C:\python3\lib\site-packages\playwright\_impl\_connection.py", line 69, in send
    return await self._connection.wrap_api_call(
  File "C:\python3\lib\site-packages\playwright\_impl\_connection.py", line 559, in wrap_api_call
    raise rewrite_error(error, f"{parsed_st['apiName']}: {error}") from None
playwright._impl._errors.Error: Page.evaluate: ReferenceError: myBABYLON is not defined
    at eval (eval at evaluate (:302:30), <anonymous>:2:24)
    at UtilityScript.evaluate (<anonymous>:309:18)
    at UtilityScript.<anonymous> (<anonymous>:1:44)
